Type: object
Keys: [
  'AbortException',
  'FormatError',
  'InvalidPDFException',
  'Line',
  'LineDirection',
  'LineStore',
  'PDFParse',
  'PasswordException',
  'Point',
  'Rectangle',
  'ResponseException',
  'Shape',
  'Table',
  'UnknownErrorException',
  'VerbosityLevel',
  'getException'
]
Is default a function? undefined
